exports[`<ResetPasswordDetails /> should render default snapshot 1`] = `
ShallowWrapper {
  "length": 1,
  Symbol(enzyme.__root__): [Circular],
  Symbol(enzyme.__unrendered__): <ResetPasswordDetails
    confirmPassword=""
    email="" />,
  Symbol(enzyme.__renderer__): Object {
    "batchedUpdates": [Function],
    "getNode": [Function],
    "render": [Function],
    "simulateEvent": [Function],
    "unmount": [Function],
  },
  Symbol(enzyme.__node__): Object {
    "instance": null,
    "key": undefined,
    "nodeType": "class",
    "props": Object {
      "children": Array [
        <label
          target="resetPasswordForm.resetPasswordDetails.password">
          Password
</label>,
        <Field
          component={undefined}
          id="resetPasswordForm.resetPasswordDetails.password"
          name="password"
          placeholder="Password"
          type="password"
          value={undefined} />,
        <label
          target="resetPasswordForm.resetPasswordDetails.confirmPassword">
          Confirm Password
</label>,
        <Field
          component={undefined}
          id="resetPasswordForm.resetPasswordDetails.confirmPassword"
          name=" confirmPassword"
          placeholder="Confirm Password"
          type="password"
          value="" />,
      ],
      "component": "div",
      "name": "resetPasswordDetails",
    },
    "ref": null,
    "rendered": Array [
      Object {
        "instance": null,
        "key": undefined,
        "nodeType": "host",
        "props": Object {
          "children": "Password",
          "target": "resetPasswordForm.resetPasswordDetails.password",
        },
        "ref": null,
        "rendered": "Password",
        "type": "label",
      },
      Object {
        "instance": null,
        "key": undefined,
        "nodeType": "class",
        "props": Object {
          "component": undefined,
          "id": "resetPasswordForm.resetPasswordDetails.password",
          "name": "password",
          "placeholder": "Password",
          "type": "password",
          "value": undefined,
        },
        "ref": null,
        "rendered": null,
        "type": [Function],
      },
      Object {
        "instance": null,
        "key": undefined,
        "nodeType": "host",
        "props": Object {
          "children": "Confirm Password",
          "target": "resetPasswordForm.resetPasswordDetails.confirmPassword",
        },
        "ref": null,
        "rendered": "Confirm Password",
        "type": "label",
      },
      Object {
        "instance": null,
        "key": undefined,
        "nodeType": "class",
        "props": Object {
          "component": undefined,
          "id": "resetPasswordForm.resetPasswordDetails.confirmPassword",
          "name": " confirmPassword",
          "placeholder": "Confirm Password",
          "type": "password",
          "value": "",
        },
        "ref": null,
        "rendered": null,
        "type": [Function],
      },
    ],
    "type": [Function],
  },
  Symbol(enzyme.__nodes__): Array [
    Object {
      "instance": null,
      "key": undefined,
      "nodeType": "class",
      "props": Object {
        "children": Array [
          <label
            target="resetPasswordForm.resetPasswordDetails.password">
            Password
</label>,
          <Field
            component={undefined}
            id="resetPasswordForm.resetPasswordDetails.password"
            name="password"
            placeholder="Password"
            type="password"
            value={undefined} />,
          <label
            target="resetPasswordForm.resetPasswordDetails.confirmPassword">
            Confirm Password
</label>,
          <Field
            component={undefined}
            id="resetPasswordForm.resetPasswordDetails.confirmPassword"
            name=" confirmPassword"
            placeholder="Confirm Password"
            type="password"
            value="" />,
        ],
        "component": "div",
        "name": "resetPasswordDetails",
      },
      "ref": null,
      "rendered": Array [
        Object {
          "instance": null,
          "key": undefined,
          "nodeType": "host",
          "props": Object {
            "children": "Password",
            "target": "resetPasswordForm.resetPasswordDetails.password",
          },
          "ref": null,
          "rendered": "Password",
          "type": "label",
        },
        Object {
          "instance": null,
          "key": undefined,
          "nodeType": "class",
          "props": Object {
            "component": undefined,
            "id": "resetPasswordForm.resetPasswordDetails.password",
            "name": "password",
            "placeholder": "Password",
            "type": "password",
            "value": undefined,
          },
          "ref": null,
          "rendered": null,
          "type": [Function],
        },
        Object {
          "instance": null,
          "key": undefined,
          "nodeType": "host",
          "props": Object {
            "children": "Confirm Password",
            "target": "resetPasswordForm.resetPasswordDetails.confirmPassword",
          },
          "ref": null,
          "rendered": "Confirm Password",
          "type": "label",
        },
        Object {
          "instance": null,
          "key": undefined,
          "nodeType": "class",
          "props": Object {
            "component": undefined,
            "id": "resetPasswordForm.resetPasswordDetails.confirmPassword",
            "name": " confirmPassword",
            "placeholder": "Confirm Password",
            "type": "password",
            "value": "",
          },
          "ref": null,
          "rendered": null,
          "type": [Function],
        },
      ],
      "type": [Function],
    },
  ],
  Symbol(enzyme.__options__): Object {
    "adapter": ReactFifteenFourAdapter {
      "options": Object {
        "supportPrevContextArgumentOfComponentDidUpdate": true,
      },
    },
  },
}
`;
