exports[`<ContactDetail /> should render default snapshot 1`] = `
ShallowWrapper {
  "length": 1,
  Symbol(enzyme.__root__): [Circular],
  Symbol(enzyme.__unrendered__): <ContactDetail
    email=""
    phoneNumber="" />,
  Symbol(enzyme.__renderer__): Object {
    "batchedUpdates": [Function],
    "getNode": [Function],
    "render": [Function],
    "simulateEvent": [Function],
    "unmount": [Function],
  },
  Symbol(enzyme.__node__): Object {
    "instance": null,
    "key": undefined,
    "nodeType": "class",
    "props": Object {
      "children": Array [
        <label
          target="signup.contactDetail.email">
          Email
</label>,
        <Field
          component={undefined}
          id="signup.personInfo.email"
          name="email"
          placeholder="Email"
          type="email"
          value="" />,
        <label
          target="signup.contactDetail.phoneNumber">
          Phone Number
</label>,
        <Field
          component={undefined}
          id="signup.contactDetail.phoneNumber"
          name="phoneNumber"
          placeholder="Phone Number"
          type="tel"
          value="" />,
      ],
      "component": "div",
      "name": "contactDetail",
    },
    "ref": null,
    "rendered": Array [
      Object {
        "instance": null,
        "key": undefined,
        "nodeType": "host",
        "props": Object {
          "children": "Email",
          "target": "signup.contactDetail.email",
        },
        "ref": null,
        "rendered": "Email",
        "type": "label",
      },
      Object {
        "instance": null,
        "key": undefined,
        "nodeType": "class",
        "props": Object {
          "component": undefined,
          "id": "signup.personInfo.email",
          "name": "email",
          "placeholder": "Email",
          "type": "email",
          "value": "",
        },
        "ref": null,
        "rendered": null,
        "type": [Function],
      },
      Object {
        "instance": null,
        "key": undefined,
        "nodeType": "host",
        "props": Object {
          "children": "Phone Number",
          "target": "signup.contactDetail.phoneNumber",
        },
        "ref": null,
        "rendered": "Phone Number",
        "type": "label",
      },
      Object {
        "instance": null,
        "key": undefined,
        "nodeType": "class",
        "props": Object {
          "component": undefined,
          "id": "signup.contactDetail.phoneNumber",
          "name": "phoneNumber",
          "placeholder": "Phone Number",
          "type": "tel",
          "value": "",
        },
        "ref": null,
        "rendered": null,
        "type": [Function],
      },
    ],
    "type": [Function],
  },
  Symbol(enzyme.__nodes__): Array [
    Object {
      "instance": null,
      "key": undefined,
      "nodeType": "class",
      "props": Object {
        "children": Array [
          <label
            target="signup.contactDetail.email">
            Email
</label>,
          <Field
            component={undefined}
            id="signup.personInfo.email"
            name="email"
            placeholder="Email"
            type="email"
            value="" />,
          <label
            target="signup.contactDetail.phoneNumber">
            Phone Number
</label>,
          <Field
            component={undefined}
            id="signup.contactDetail.phoneNumber"
            name="phoneNumber"
            placeholder="Phone Number"
            type="tel"
            value="" />,
        ],
        "component": "div",
        "name": "contactDetail",
      },
      "ref": null,
      "rendered": Array [
        Object {
          "instance": null,
          "key": undefined,
          "nodeType": "host",
          "props": Object {
            "children": "Email",
            "target": "signup.contactDetail.email",
          },
          "ref": null,
          "rendered": "Email",
          "type": "label",
        },
        Object {
          "instance": null,
          "key": undefined,
          "nodeType": "class",
          "props": Object {
            "component": undefined,
            "id": "signup.personInfo.email",
            "name": "email",
            "placeholder": "Email",
            "type": "email",
            "value": "",
          },
          "ref": null,
          "rendered": null,
          "type": [Function],
        },
        Object {
          "instance": null,
          "key": undefined,
          "nodeType": "host",
          "props": Object {
            "children": "Phone Number",
            "target": "signup.contactDetail.phoneNumber",
          },
          "ref": null,
          "rendered": "Phone Number",
          "type": "label",
        },
        Object {
          "instance": null,
          "key": undefined,
          "nodeType": "class",
          "props": Object {
            "component": undefined,
            "id": "signup.contactDetail.phoneNumber",
            "name": "phoneNumber",
            "placeholder": "Phone Number",
            "type": "tel",
            "value": "",
          },
          "ref": null,
          "rendered": null,
          "type": [Function],
        },
      ],
      "type": [Function],
    },
  ],
  Symbol(enzyme.__options__): Object {
    "adapter": ReactFifteenFourAdapter {
      "options": Object {
        "supportPrevContextArgumentOfComponentDidUpdate": true,
      },
    },
  },
}
`;
